Renesas Optimizing Linker (W2.08.00 )             20-Oct-2018 00:33:47

*** Options ***

-device=C:\Renesas\e2_studio\eclipse\\..\\DebugComp\\RL78\RL78\Common\DR5F10Y16.DVF
-list=AutoNightDimmingLedLight.map
-nooptimize
-entry=_start
-auto_section_layout
-security_id=00000000000000000000
-rrm=FFEDC
-debug_monitor
-user_opt_byte=EFFBF9
-ocdbg=85
-subcommand=LinkerSubCommand.tmp
-input=".\generate\cstart.obj"
-input=".\src/cg_src\r_cg_cgc.obj"
-input=".\src/cg_src\r_cg_cgc_user.obj"
-input=".\src/cg_src\r_cg_intp.obj"
-input=".\src/cg_src\r_cg_intp_user.obj"
-input=".\src/cg_src\r_cg_main.obj"
-input=".\src/cg_src\r_cg_systeminit.obj"
-input=".\src/cg_src\r_cg_tau.obj"
-input=".\src/cg_src\r_cg_tau_user.obj"
-library="C:\PROGRA~2\Renesas\RL78\1_6_0\lib\rl78nm4s.lib"
-library="C:\PROGRA~2\Renesas\RL78\1_6_0\lib\rl78nm4r.lib"
-library="C:\PROGRA~2\Renesas\RL78\1_6_0\lib\malloc_n.lib"
-output=AutoNightDimmingLedLight.abs
-debug
-nocompress
-memory=high
-rom=.data=.dataR,.sdata=.sdataR
-nomessage
-nologo

*** Error information ***

*** Mapping List ***

SECTION                            START      END         SIZE   ALIGN
.vect
                                  00000000  0000007f        80   0
.const
                                  00000080  00000080         0   2
.constf
                                  00000080  00000080         0   2
.data
                                  00000080  00000080         0   2
.sdata
                                  00000080  00000080         0   2
.option_byte
                                  000000c0  000000c3         4   1
.security_id
                                  000000c4  000000cd         a   1
.textf
                                  000000c4  000000c4         0   1
.SLIB
                                  000000c4  000000c4         0   1
.monitor1
                                  000000ce  000000d7         a   1
.text
                                  000000d8  000002d2       1fb   1
.RLIB
                                  000002d3  0000036c        9a   1
.bss
                                  000ffde0  000ffde5         6   2
.dataR
                                  000ffde6  000ffde6         0   2
.sbss
                                  000ffe20  000ffe20         0   2
.sdataR
                                  000ffe20  000ffe20         0   2
